src/app/page.tsx(82,13): error TS7034: Variable 'searchData' implicitly has type 'any' in some locations where its type cannot be determined.
src/app/page.tsx(132,27): error TS7005: Variable 'searchData' implicitly has an 'any' type.
src/app/page.tsx(133,26): error TS7005: Variable 'searchData' implicitly has an 'any' type.
src/app/page.tsx(153,25): error TS7005: Variable 'searchData' implicitly has an 'any' type.
src/app/page.tsx(154,24): error TS7005: Variable 'searchData' implicitly has an 'any' type.
src/app/page.tsx(170,19): error TS7005: Variable 'searchData' implicitly has an 'any' type.
